[tronapex.com/index.html]
[backblue.gif]
[fade.gif]
[index.html]
[tronapex.com/tpl/css/main087b.css]
[tronapex.com/tpl/css/media087b.css]
[tronapex.com/tpl/js/jquery-1.12.4.min.js]
[tronapex.com/tpl/js/owl.carousel.js]
[tronapex.com/tpl/js/particles.min.js]
[cdn.jsdelivr.net/npm/clipboard@2.0.6/dist/clipboard.min.js]
[tronapex.com/tpl/js/main087b.js]
[tronapex.com/tpl/touch-icon-iphone-retina.png]
[tronapex.com/tpl/favicon.ico]
[tronapex.com/tpl/js/jquery.jscrollpane.min.js]
[cdn.jsdelivr.net/npm/js-cookie@rc/dist/js.cookie.min.js]
[tronapex.com/tpl/images/lang/en.svg]
[tronapex.com/tpl/images/lang/ir.svg]
[tronapex.com/tpl/images/lang/de.png]
[tronapex.com/tpl/images/av-1.svg]
[tronapex.com/tpl/images/av-2.svg]
[tronapex.com/tpl/images/av-3.svg]
[tronapex.com/tpl/images/av-4.svg]
[tronapex.com/tpl/images/dapp-1.svg]
[tronapex.com/tpl/images/dapp-2.svg]
[tronapex.com/tpl/images/dapp-3.svg]
[tronapex.com/tpl/images/dapp-4.svg]
[tronapex.com/tpl/images/dapp-5.svg]
[tronapex.com/tpl/images/dapp-6.svg]
[tronapex.com/telescr-audit-ru.pdf]
[tronapex.com/tronapex_audit.pdf]
[tronapex.com/tpl/js/particles.config.js]
[tronapex.com/tpl/js/trongrid.js]
[tronapex.com/tpl/js/tronweb.js]
[tronapex.com/tpl/js/apexcea5.js]
[tronapex.com/index.html]
[tronapex.com/tpl/css/bootstrap.min.css]
[mc.yandex.ru/metrika/tag.js]
[tronapex.com/tpl/css/fonts.css]
[tronapex.com/tpl/css/owl.carousel.min.css]
[tronapex.com/tpl/css/webfonts/Montserrat-Regular.woff]
[tronapex.com/tpl/css/webfonts/Montserrat-SemiBold.woff]
[tronapex.com/tpl/css/webfonts/Montserrat-Bold.woff]
[tronapex.com/tpl/images/bg.svg]
[tronapex.com/tpl/images/smart-ico.svg]
[tronapex.com/tpl/images/k1.svg]
[tronapex.com/tpl/images/logo.svg]
[tronapex.com/tpl/images/h-1.svg]
[tronapex.com/tpl/images/percent-bg.svg]
[tronapex.com/tpl/images/wallet-ico.svg]
[tronapex.com/tpl/images/w-ico.svg]
[tronapex.com/tpl/images/panel.svg]
[tronapex.com/tpl/images/min.svg]
[tronapex.com/tpl/images/max.svg]
[tronapex.com/tpl/images/percent-bg-ico.svg]
[tronapex.com/tpl/images/video.svg]
[tronapex.com/tpl/images/smlogo3.svg]
[tronapex.com/tpl/images/smlogo2.svg]
[tronapex.com/tpl/images/smlogo.svg]
[tronapex.com/tpl/images/watch.svg]
[tronapex.com/tpl/images/code-bg.svg]
[tronapex.com/tpl/images/logo-footer.svg]
[tronapex.com/tpl/images/smart-icons.svg]
[tronapex.com/tpl/images/news_icon.svg]
[tronapex.com/tpl/images/red-right.svg]
[tronapex.com/tpl/images/green-right.svg]
[tronapex.com/tpl/images/depinfo.svg]
[tronapex.com/tpl/images/links-left.svg]
[tronapex.com/tpl/images/links-right.svg]
[tronapex.com/tpl/images/u-icons.svg]
[tronapex.com/tpl/images/dep-ico.svg]
[tronapex.com/tpl/images/nee_connect.svg]
[tronapex.com/tpl/images/not_have.svg]
[tronapex.com/tpl/images/connect-wallet.svg]
[tronapex.com/tpl/images/gift.svg]
[tronapex.com/tpl/images/percent-bg-mobile.svg]
[tronapex.com/tpl/images/bg-dvl.png]
[tronapex.com/tpl/css/main087b.css]
[tronapex.com/tpl/css/media087b.css]
[tronapex.com/lang/en/index.html]
[tronapex.com/tpl/images/lang/en.svg]
[tronapex.com/lang/ir/index.html]
[tronapex.com/tpl/images/lang/ir.svg]
[tronapex.com/lang/id/index.html]
[tronapex.com/tpl/images/lang/id.svg]
[tronapex.com/lang/ru/index.html]
[tronapex.com/tpl/images/lang/ru.svg]
[tronapex.com/lang/de/index.html]
[tronapex.com/lang/fr/index.html]
[tronapex.com/tpl/images/lang/fr.svg]
[tronapex.com/lang/es/index.html]
[tronapex.com/tpl/images/lang/es.svg]
[tronapex.com/lang/ch/index.html]
[tronapex.com/tpl/images/lang/ch.svg]
[tronapex.com/lang/vt/index.html]
[tronapex.com/tpl/images/lang/vt.svg]
[tronapex.com/tpl/images/av-1.svg]
[tronapex.com/tpl/images/av-2.svg]
[tronapex.com/tpl/images/av-3.svg]
[tronapex.com/tpl/images/av-4.svg]
[tronapex.com/tpl/images/dapp-1.svg]
[tronapex.com/tpl/images/dapp-2.svg]
[tronapex.com/tpl/images/dapp-3.svg]
[tronapex.com/tpl/images/dapp-4.svg]
[tronapex.com/tpl/images/dapp-5.svg]
[tronapex.com/tpl/images/dapp-6.svg]
[tronapex.com/tpl/css/bootstrap.min.css]
[tronapex.com/tpl/css/fonts/nunitosans-bold-webfont.woff]
[tronapex.com/tpl/css/fonts/nunitosans-regular-webfont.woff]
[tronapex.com/tpl/css/fonts/nunitosans-semibold-webfont.woff]
[tronapex.com/tpl/css/fonts.css]
[tronapex.com/tpl/css/owl.carousel.min.css]
[tronapex.com/tpl/css/webfonts/Montserrat-Regular.html]
[tronapex.com/tpl/css/webfonts/Montserrat-SemiBold.html]
[tronapex.com/tpl/css/webfonts/Montserrat-Bold.html]
[tronapex.com/tpl/css/owl.video.play.html]
[tronapex.com/tpl/images/bg.svg]
[tronapex.com/tpl/images/smart-ico.svg]
[tronapex.com/tpl/images/k1.svg]
[tronapex.com/tpl/images/k2.svg]
[tronapex.com/tpl/images/k3.svg]
[tronapex.com/tpl/images/logo.svg]
[tronapex.com/tpl/images/h-1.svg]
[tronapex.com/tpl/images/h-2.svg]
[tronapex.com/tpl/images/percent-bg2.svg]
[tronapex.com/tpl/images/percent-bg.svg]
[tronapex.com/tpl/images/trx.svg]
[tronapex.com/tpl/images/make-right-ico.svg]
[tronapex.com/tpl/images/check.svg]
[tronapex.com/tpl/images/wallet-ico.svg]
[tronapex.com/tpl/images/w-ico2.svg]
[tronapex.com/tpl/images/w-ico.svg]
[tronapex.com/tpl/images/bxs-info-circle.svg]
[tronapex.com/tpl/images/arrow-left.svg]
[tronapex.com/tpl/images/arrow-right.svg]
[tronapex.com/tpl/images/panel.svg]
[tronapex.com/tpl/images/panel-ico-1.svg]
[tronapex.com/tpl/images/panel-ico-2.svg]
[tronapex.com/tpl/images/panel-ico-3.svg]
[tronapex.com/tpl/images/min.svg]
[tronapex.com/tpl/images/max.svg]
[tronapex.com/tpl/images/percent-bg-ico.svg]
[tronapex.com/tpl/images/arrow-before.svg]
[tronapex.com/tpl/images/video.svg]
[tronapex.com/tpl/images/smlogo3.svg]
[tronapex.com/tpl/images/smlogo2.svg]
[tronapex.com/tpl/images/smlogo.svg]
[tronapex.com/tpl/images/watch.svg]
[tronapex.com/tpl/images/check-mar1k.svg]
[tronapex.com/tpl/images/code-bg.svg]
[tronapex.com/tpl/images/logo-footer.svg]
[tronapex.com/tpl/images/smart-icons.svg]
[tronapex.com/tpl/images/news_icon.svg]
[tronapex.com/tpl/images/locked-ww.svg]
[tronapex.com/tpl/images/deposits-link.svg]
[tronapex.com/tpl/images/red-right.svg]
[tronapex.com/tpl/images/green-right.svg]
[tronapex.com/tpl/images/depinfo.svg]
[tronapex.com/tpl/images/warning-text.svg]
[tronapex.com/tpl/images/copy-ico.svg]
[tronapex.com/tpl/images/links-left.svg]
[tronapex.com/tpl/images/links-right.svg]
[tronapex.com/tpl/images/i-info.svg]
[tronapex.com/tpl/images/green2.svg]
[tronapex.com/tpl/images/faq-icons.svg]
[tronapex.com/tpl/images/bxs-info-circle-white.svg]
[tronapex.com/tpl/images/close_popup.svg]
[tronapex.com/tpl/images/u-icons.svg]
[tronapex.com/tpl/images/dep-ico.svg]
[tronapex.com/tpl/images/check-mark.svg]
[tronapex.com/tpl/images/nee_connect.svg]
[tronapex.com/tpl/images/get-ico-1.svg]
[tronapex.com/tpl/images/get-ico-2.svg]
[tronapex.com/tpl/images/not_have.svg]
[tronapex.com/tpl/images/success-alert.svg]
[tronapex.com/tpl/images/error-alert.svg]
[tronapex.com/tpl/images/connect-wallet.svg]
[tronapex.com/tpl/images/telegram_flow.svg]
[tronapex.com/tpl/images/gift.svg]
[tronapex.com/tpl/images/percent-bg-mobile.svg]
[tronapex.com/tpl/images/info-dvl.svg]
[tronapex.com/tpl/images/deponew.svg]
[tronapex.com/tpl/images/arrow-go.svg]
[tronapex.com/tpl/images/go-arrow-chat.svg]
[tronapex.com/tpl/css/fonts/nunitosans-bold-webfont.html]
[tronapex.com/tpl/css/fonts/nunitosans-regular-webfont.html]
[tronapex.com/tpl/css/fonts/nunitosans-semibold-webfont.html]
[tronapex.com/tpl/js/apex730a.js]
[tronapex.com/tpl/css/owl.video.play.html]
